Copyright 1986-2017 Xilinx, Inc. All Rights Reserved.
--------------------------------------------------------------------------------------
| Tool Version : Vivado v.2017.2 (win64) Build 1909853 Thu Jun 15 18:39:09 MDT 2017
| Date         : Tue Sep 26 11:47:00 2017
| Host         : RM100B5 running 64-bit major release  (build 9200)
| Command      : report_control_sets -verbose -file Exp1_Main_control_sets_placed.rpt
| Design       : Exp1_Main
| Device       : xc7a35t
--------------------------------------------------------------------------------------

Control Set Information

Table of Contents
-----------------
1. Summary
2. Flip-Flop Distribution
3. Detailed Control Set Information

1. Summary
----------

+----------------------------------------------------------+-------+
|                          Status                          | Count |
+----------------------------------------------------------+-------+
| Number of unique control sets                            |    10 |
| Unused register locations in slices containing registers |    23 |
+----------------------------------------------------------+-------+


2. Flip-Flop Distribution
-------------------------

+--------------+-----------------------+------------------------+-----------------+--------------+
| Clock Enable | Synchronous Set/Reset | Asynchronous Set/Reset | Total Registers | Total Slices |
+--------------+-----------------------+------------------------+-----------------+--------------+
| No           | No                    | No                     |              27 |           10 |
| No           | No                    | Yes                    |               0 |            0 |
| No           | Yes                   | No                     |              62 |           16 |
| Yes          | No                    | No                     |               0 |            0 |
| Yes          | No                    | Yes                    |               8 |            3 |
| Yes          | Yes                   | No                     |               0 |            0 |
+--------------+-----------------------+------------------------+-----------------+--------------+


3. Detailed Control Set Information
-----------------------------------

+-------------------------------------+----------------------+-----------------------------+------------------+----------------+
|             Clock Signal            |     Enable Signal    |       Set/Reset Signal      | Slice Load Count | Bel Load Count |
+-------------------------------------+----------------------+-----------------------------+------------------+----------------+
|  SSEG_DISPLAY/my_clk/CLK            |                      |                             |                1 |              2 |
|  CLK_SLOW/CLK                       | COUNTER0/FSM_RCO0    | FSM1/AR[0]                  |                2 |              4 |
|  CLK_SLOW/CLK                       | FSM1/t_cnt_reg[3][0] | FSM1/AR[0]                  |                1 |              4 |
|  clk_IBUF_BUFG                      |                      |                             |                2 |              4 |
|  CLK_SLOW/CLK                       |                      |                             |                3 |              5 |
|  CLK_SLOW/CLK                       | FSM1/FSM_WE          |                             |                2 |              8 |
|  FSM1/E[0]                          |                      |                             |                2 |              8 |
|  FSM1/FSM_sequential_PS_reg[1]_1[0] |                      |                             |                2 |              8 |
|  clk_IBUF_BUFG                      |                      | CLK_SLOW/tmp_clkf           |                8 |             31 |
|  clk_IBUF_BUFG                      |                      | SSEG_DISPLAY/my_clk/tmp_clk |                8 |             31 |
+-------------------------------------+----------------------+-----------------------------+------------------+----------------+


+--------+-----------------------+
| Fanout | Number of ControlSets |
+--------+-----------------------+
| 2      |                     1 |
| 4      |                     3 |
| 5      |                     1 |
| 8      |                     3 |
| 16+    |                     2 |
+--------+-----------------------+


